[2026-10-07 23:28:34.426] [RANK 0] [INFO] HyPoS — Hybrid Poisson Solver
[2026-10-07 23:28:34.426] [RANK 0] [INFO] Grid: 128x128x1, MPI procs: 4, OMP threads: 4
[2026-10-07 23:28:34.486] [RANK 0] [INFO] Iteration 500, residual = 202.214
[2026-10-07 23:28:34.486] [RANK 2] [INFO] Iteration 500, residual = 202.214
[2026-10-07 23:28:34.486] [RANK 3] [INFO] Iteration 500, residual = 202.214
[2026-10-07 23:28:34.486] [RANK 1] [INFO] Iteration 500, residual = 202.214
[2026-10-07 23:28:34.492] [RANK 0] [INFO] Iteration 1000, residual = 166.42
[2026-10-07 23:28:34.492] [RANK 0] [INFO] Solver finished in 1000 iterations, time = 0.0651183 s
[2026-10-07 23:28:34.492] [RANK 2] [INFO] Iteration 1000, residual = 166.42
[2026-10-07 23:28:34.492] [RANK 2] [INFO] Solver finished in 1000 iterations, time = 0.0651085 s
[2026-10-07 23:28:34.492] [RANK 3] [INFO] Iteration 1000, residual = 166.42
[2026-10-07 23:28:34.492] [RANK 3] [INFO] Solver finished in 1000 iterations, time = 0.0651189 s
[2026-10-07 23:28:34.492] [RANK 1] [INFO] Iteration 1000, residual = 166.42
[2026-10-07 23:28:34.492] [RANK 1] [INFO] Solver finished in 1000 iterations, time = 0.0651209 s
[2026-10-07 23:28:34.493] [RANK 0] [INFO] Total time: 0.0651258 s, Iterations: 1000, Est. FLOP/s: 5.0315e+08
{
  "solver_total": {
    "total_sec": 0.065124,
    "calls": 1,
    "avg_ms": 65.123815,
    "min_ms": 65.123815,
    "max_ms": 65.123815
  },
  "jacobi_iteration": {
    "total_sec": 0.065006,
    "calls": 1000,
    "avg_ms": 0.065006,
    "min_ms": 0.009019,
    "max_ms": 7.985071
  },
  "residual_allreduce": {
    "total_sec": 0.051584,
    "calls": 2000,
    "avg_ms": 0.025792,
    "min_ms": 0.000445,
    "max_ms": 7.970026
  },
  "stencil_boundary": {
    "total_sec": 0.003355,
    "calls": 1000,
    "avg_ms": 0.003355,
    "min_ms": 0.002850,
    "max_ms": 0.018189
  },
  "stencil_interior": {
    "total_sec": 0.007322,
    "calls": 1000,
    "avg_ms": 0.007322,
    "min_ms": 0.001531,
    "max_ms": 5.011119
  },
  "halo_exchange": {
    "total_sec": 0.001972,
    "calls": 1000,
    "avg_ms": 0.001972,
    "min_ms": 0.001028,
    "max_ms": 0.037655
  }
}

