[2026-10-07 23:28:34.750] [RANK 0] [INFO] HyPoS — Hybrid Poisson Solver
[2026-10-07 23:28:34.750] [RANK 0] [INFO] Grid: 128x128x1, MPI procs: 4, OMP threads: 4
[2026-10-07 23:28:34.843] [RANK 0] [INFO] Iteration 500, residual = 202.214
[2026-10-07 23:28:34.843] [RANK 1] [INFO] Iteration 500, residual = 202.214
[2026-10-07 23:28:34.843] [RANK 3] [INFO] Iteration 500, residual = 202.214
[2026-10-07 23:28:34.843] [RANK 2] [INFO] Iteration 500, residual = 202.214
[2026-10-07 23:28:34.851] [RANK 3] [INFO] Iteration 1000, residual = 166.42
[2026-10-07 23:28:34.851] [RANK 3] [INFO] Solver finished in 1000 iterations, time = 0.0998621 s
[2026-10-07 23:28:34.851] [RANK 2] [INFO] Iteration 1000, residual = 166.42
[2026-10-07 23:28:34.851] [RANK 2] [INFO] Solver finished in 1000 iterations, time = 0.0998502 s
[2026-10-07 23:28:34.851] [RANK 0] [INFO] Iteration 1000, residual = 166.42
[2026-10-07 23:28:34.851] [RANK 0] [INFO] Solver finished in 1000 iterations, time = 0.0998617 s
[2026-10-07 23:28:34.851] [RANK 1] [INFO] Iteration 1000, residual = 166.42
[2026-10-07 23:28:34.851] [RANK 1] [INFO] Solver finished in 1000 iterations, time = 0.0998625 s
[2026-10-07 23:28:34.851] [RANK 0] [INFO] Total time: 0.0998675 s, Iterations: 1000, Est. FLOP/s: 3.28115e+08
{
  "solver_total": {
    "total_sec": 0.099866,
    "calls": 1,
    "avg_ms": 99.866366,
    "min_ms": 99.866366,
    "max_ms": 99.866366
  },
  "jacobi_iteration": {
    "total_sec": 0.099733,
    "calls": 1000,
    "avg_ms": 0.099733,
    "min_ms": 0.009314,
    "max_ms": 13.207922
  },
  "residual_allreduce": {
    "total_sec": 0.039677,
    "calls": 2000,
    "avg_ms": 0.019839,
    "min_ms": 0.000420,
    "max_ms": 4.021649
  },
  "stencil_boundary": {
    "total_sec": 0.012755,
    "calls": 1000,
    "avg_ms": 0.012755,
    "min_ms": 0.002780,
    "max_ms": 8.307792
  },
  "halo_wait": {
    "total_sec": 0.007196,
    "calls": 1000,
    "avg_ms": 0.007196,
    "min_ms": 0.000801,
    "max_ms": 4.676009
  },
  "stencil_interior": {
    "total_sec": 0.038307,
    "calls": 1000,
    "avg_ms": 0.038307,
    "min_ms": 0.001321,
    "max_ms": 4.084640
  },
  "halo_exchange": {
    "total_sec": 0.000744,
    "calls": 1000,
    "avg_ms": 0.000744,
    "min_ms": 0.000409,
    "max_ms": 0.024554
  }
}

