[2026-10-07 23:28:35.652] [RANK 0] [INFO] HyPoS — Hybrid Poisson Solver
[2026-10-07 23:28:35.652] [RANK 0] [INFO] Grid: 128x128x1, MPI procs: 4, OMP threads: 4
[2026-10-07 23:28:35.664] [RANK 0] [INFO] Iteration 500, residual = 202.214
[2026-10-07 23:28:35.664] [RANK 2] [INFO] Iteration 500, residual = 202.214
[2026-10-07 23:28:35.664] [RANK 1] [INFO] Iteration 500, residual = 202.214
[2026-10-07 23:28:35.664] [RANK 3] [INFO] Iteration 500, residual = 202.214
[2026-10-07 23:28:35.669] [RANK 0] [INFO] Iteration 1000, residual = 166.42
[2026-10-07 23:28:35.669] [RANK 0] [INFO] Solver finished in 1000 iterations, time = 0.0171715 s
[2026-10-07 23:28:35.669] [RANK 1] [INFO] Iteration 1000, residual = 166.42
[2026-10-07 23:28:35.669] [RANK 1] [INFO] Solver finished in 1000 iterations, time = 0.0171665 s
[2026-10-07 23:28:35.669] [RANK 3] [INFO] Iteration 1000, residual = 166.42
[2026-10-07 23:28:35.669] [RANK 3] [INFO] Solver finished in 1000 iterations, time = 0.0170506 s
[2026-10-07 23:28:35.669] [RANK 2] [INFO] Iteration 1000, residual = 166.42
[2026-10-07 23:28:35.669] [RANK 2] [INFO] Solver finished in 1000 iterations, time = 0.0171719 s
[2026-10-07 23:28:35.670] [RANK 0] [INFO] Total time: 0.0171782 s, Iterations: 1000, Est. FLOP/s: 1.90753e+09
{
  "solver_total": {
    "total_sec": 0.017177,
    "calls": 1,
    "avg_ms": 17.176857,
    "min_ms": 17.176857,
    "max_ms": 17.176857
  },
  "jacobi_iteration": {
    "total_sec": 0.017076,
    "calls": 1000,
    "avg_ms": 0.017076,
    "min_ms": 0.007773,
    "max_ms": 5.491403
  },
  "residual_allreduce": {
    "total_sec": 0.009632,
    "calls": 2000,
    "avg_ms": 0.004816,
    "min_ms": 0.000333,
    "max_ms": 5.306692
  },
  "stencil_boundary": {
    "total_sec": 0.003125,
    "calls": 1000,
    "avg_ms": 0.003125,
    "min_ms": 0.002383,
    "max_ms": 0.035502
  },
  "stencil_interior": {
    "total_sec": 0.002094,
    "calls": 1000,
    "avg_ms": 0.002094,
    "min_ms": 0.001322,
    "max_ms": 0.165270
  },
  "halo_exchange": {
    "total_sec": 0.001586,
    "calls": 1000,
    "avg_ms": 0.001586,
    "min_ms": 0.000859,
    "max_ms": 0.048999
  }
}

