[2026-10-07 23:15:13.799] [RANK 0] [INFO] HyPoS — Hybrid Poisson Solver
[2026-10-07 23:15:13.799] [RANK 0] [INFO] Grid: 128x128x1, MPI procs: 4, OMP threads: 4
[2026-10-07 23:15:14.530] [RANK 0] [INFO] Iteration 500, residual = 202.214
[2026-10-07 23:15:14.530] [RANK 2] [INFO] Iteration 500, residual = 202.214
[2026-10-07 23:15:14.530] [RANK 3] [INFO] Iteration 500, residual = 202.214
[2026-10-07 23:15:14.530] [RANK 1] [INFO] Iteration 500, residual = 202.214
[2026-10-07 23:15:14.540] [RANK 3] [INFO] Iteration 1000, residual = 166.42
[2026-10-07 23:15:14.540] [RANK 3] [INFO] Solver finished in 1000 iterations, time = 0.740561 s
[2026-10-07 23:15:14.540] [RANK 0] [INFO] Iteration 1000, residual = 166.42
[2026-10-07 23:15:14.540] [RANK 0] [INFO] Solver finished in 1000 iterations, time = 0.740833 s
[2026-10-07 23:15:14.540] [RANK 2] [INFO] Iteration 1000, residual = 166.42
[2026-10-07 23:15:14.540] [RANK 2] [INFO] Solver finished in 1000 iterations, time = 0.740924 s
[2026-10-07 23:15:14.540] [RANK 1] [INFO] Iteration 1000, residual = 166.42
[2026-10-07 23:15:14.540] [RANK 1] [INFO] Solver finished in 1000 iterations, time = 0.740924 s
[2026-10-07 23:15:14.540] [RANK 0] [INFO] Total time: 0.74084 s, Iterations: 1000, Est. FLOP/s: 4.42309e+07
{
  "solver_total": {
    "total_sec": 0.740838,
    "calls": 1,
    "avg_ms": 740.838348,
    "min_ms": 740.838348,
    "max_ms": 740.838348
  },
  "jacobi_iteration": {
    "total_sec": 0.740667,
    "calls": 1000,
    "avg_ms": 0.740667,
    "min_ms": 0.008921,
    "max_ms": 155.535412
  },
  "residual_allreduce": {
    "total_sec": 0.400889,
    "calls": 2000,
    "avg_ms": 0.200444,
    "min_ms": 0.000454,
    "max_ms": 84.423110
  },
  "stencil_boundary": {
    "total_sec": 0.150734,
    "calls": 1000,
    "avg_ms": 0.150734,
    "min_ms": 0.002844,
    "max_ms": 85.653272
  },
  "stencil_interior": {
    "total_sec": 0.136980,
    "calls": 1000,
    "avg_ms": 0.136980,
    "min_ms": 0.001483,
    "max_ms": 43.120780
  },
  "halo_exchange": {
    "total_sec": 0.050969,
    "calls": 1000,
    "avg_ms": 0.050969,
    "min_ms": 0.001054,
    "max_ms": 8.415593
  }
}

