[2026-10-07 23:15:43.728] [RANK 0] [INFO] HyPoS — Hybrid Poisson Solver
[2026-10-07 23:15:43.728] [RANK 0] [INFO] Grid: 128x128x1, MPI procs: 4, OMP threads: 4
[2026-10-07 23:15:44.627] [RANK 0] [INFO] Iteration 500, residual = 202.214
[2026-10-07 23:15:44.627] [RANK 3] [INFO] Iteration 500, residual = 202.214
[2026-10-07 23:15:44.627] [RANK 2] [INFO] Iteration 500, residual = 202.214
[2026-10-07 23:15:44.627] [RANK 1] [INFO] Iteration 500, residual = 202.214
[2026-10-07 23:15:44.667] [RANK 3] [INFO] Iteration 1000, residual = 166.42
[2026-10-07 23:15:44.667] [RANK 3] [INFO] Solver finished in 1000 iterations, time = 0.939059 s
[2026-10-07 23:15:44.667] [RANK 1] [INFO] Iteration 1000, residual = 166.42
[2026-10-07 23:15:44.667] [RANK 1] [INFO] Solver finished in 1000 iterations, time = 0.939059 s
[2026-10-07 23:15:44.667] [RANK 2] [INFO] Iteration 1000, residual = 166.42
[2026-10-07 23:15:44.667] [RANK 2] [INFO] Solver finished in 1000 iterations, time = 0.93906 s
[2026-10-07 23:15:44.667] [RANK 0] [INFO] Iteration 1000, residual = 166.42
[2026-10-07 23:15:44.667] [RANK 0] [INFO] Solver finished in 1000 iterations, time = 0.939202 s
[2026-10-07 23:15:44.668] [RANK 0] [INFO] Total time: 0.939226 s, Iterations: 1000, Est. FLOP/s: 3.48883e+07
{
  "solver_total": {
    "total_sec": 0.939224,
    "calls": 1,
    "avg_ms": 939.223814,
    "min_ms": 939.223814,
    "max_ms": 939.223814
  },
  "jacobi_iteration": {
    "total_sec": 0.939074,
    "calls": 1000,
    "avg_ms": 0.939074,
    "min_ms": 0.009321,
    "max_ms": 153.064371
  },
  "residual_allreduce": {
    "total_sec": 0.493142,
    "calls": 2000,
    "avg_ms": 0.246571,
    "min_ms": 0.000334,
    "max_ms": 69.092293
  },
  "stencil_boundary": {
    "total_sec": 0.207253,
    "calls": 1000,
    "avg_ms": 0.207253,
    "min_ms": 0.002580,
    "max_ms": 83.855383
  },
  "stencil_interior": {
    "total_sec": 0.170036,
    "calls": 1000,
    "avg_ms": 0.170036,
    "min_ms": 0.001328,
    "max_ms": 51.025260
  },
  "halo_exchange": {
    "total_sec": 0.066396,
    "calls": 1000,
    "avg_ms": 0.066396,
    "min_ms": 0.001056,
    "max_ms": 11.267890
  }
}

