[2026-10-07 23:15:14.859] [RANK 0] [INFO] HyPoS — Hybrid Poisson Solver
[2026-10-07 23:15:14.859] [RANK 0] [INFO] Grid: 128x128x1, MPI procs: 4, OMP threads: 4
[2026-10-07 23:15:15.934] [RANK 0] [INFO] Iteration 500, residual = 202.214
[2026-10-07 23:15:15.934] [RANK 1] [INFO] Iteration 500, residual = 202.214
[2026-10-07 23:15:15.934] [RANK 3] [INFO] Iteration 500, residual = 202.214
[2026-10-07 23:15:15.934] [RANK 2] [INFO] Iteration 500, residual = 202.214
[2026-10-07 23:15:15.952] [RANK 2] [INFO] Iteration 1000, residual = 166.42
[2026-10-07 23:15:15.952] [RANK 2] [INFO] Solver finished in 1000 iterations, time = 1.09296 s
[2026-10-07 23:15:15.952] [RANK 3] [INFO] Iteration 1000, residual = 166.42
[2026-10-07 23:15:15.952] [RANK 3] [INFO] Solver finished in 1000 iterations, time = 1.09302 s
[2026-10-07 23:15:15.952] [RANK 1] [INFO] Iteration 1000, residual = 166.42
[2026-10-07 23:15:15.952] [RANK 1] [INFO] Solver finished in 1000 iterations, time = 1.09302 s
[2026-10-07 23:15:15.952] [RANK 0] [INFO] Iteration 1000, residual = 166.42
[2026-10-07 23:15:15.952] [RANK 0] [INFO] Solver finished in 1000 iterations, time = 1.09311 s
[2026-10-07 23:15:15.953] [RANK 0] [INFO] Total time: 1.09312 s, Iterations: 1000, Est. FLOP/s: 2.99766e+07
{
  "solver_total": {
    "total_sec": 1.093119,
    "calls": 1,
    "avg_ms": 1093.119132,
    "min_ms": 1093.119132,
    "max_ms": 1093.119132
  },
  "jacobi_iteration": {
    "total_sec": 1.092951,
    "calls": 1000,
    "avg_ms": 1.092951,
    "min_ms": 0.010306,
    "max_ms": 164.312952
  },
  "residual_allreduce": {
    "total_sec": 0.315442,
    "calls": 2000,
    "avg_ms": 0.157721,
    "min_ms": 0.000372,
    "max_ms": 20.282478
  },
  "stencil_boundary": {
    "total_sec": 0.489997,
    "calls": 1000,
    "avg_ms": 0.489997,
    "min_ms": 0.002938,
    "max_ms": 97.329978
  },
  "halo_wait": {
    "total_sec": 0.147154,
    "calls": 1000,
    "avg_ms": 0.147154,
    "min_ms": 0.000657,
    "max_ms": 15.446086
  },
  "stencil_interior": {
    "total_sec": 0.137597,
    "calls": 1000,
    "avg_ms": 0.137597,
    "min_ms": 0.001325,
    "max_ms": 35.023729
  },
  "halo_exchange": {
    "total_sec": 0.000963,
    "calls": 1000,
    "avg_ms": 0.000963,
    "min_ms": 0.000388,
    "max_ms": 0.039321
  }
}

